[    1703ms] [WARNING] Failed to execute 'postMessage' on 'DOMWindow': The target origin provided ('https://huggingface.co') does not match the recipient window's origin ('https://adyen-dabstep.hf.space'). @ https://adyen-dabstep.hf.space/_app/immutable/chunks/CeDdAN4a.js:21837
[    1848ms] [ERROR] Failed to load resource: the server responded with a status of 404 () @ https://huggingface.co/api/users/adyen/avatar:0
[   37909ms] [WARNING] Failed to execute 'postMessage' on 'DOMWindow': The target origin provided ('https://huggingface.co') does not match the recipient window's origin ('https://adyen-dabstep.hf.space'). @ https://adyen-dabstep.hf.space/_app/immutable/chunks/CeDdAN4a.js:21837
[   38075ms] [ERROR] Failed to load resource: the server responded with a status of 404 () @ https://huggingface.co/api/users/adyen/avatar:0
[  206568ms] [WARNING] Method not implemented. @ https://adyen-dabstep.hf.space/_app/immutable/chunks/CeDdAN4a.js:3406
[  206629ms] [WARNING] Method not implemented. @ https://adyen-dabstep.hf.space/_app/immutable/chunks/CeDdAN4a.js:3406
[  324766ms] [ERROR] Failed to load resource: net::ERR_HTTP2_PROTOCOL_ERROR @ https://adyen-dabstep.hf.space/gradio_api/queue/data?session_hash=pd2nkorx9tc:0
[  324767ms] [ERROR] TypeError: network error @ https://adyen-dabstep.hf.space/_app/immutable/chunks/CeDdAN4a.js:3325
[  324768ms] [ERROR] Unexpected error Connection errored out.  @ https://adyen-dabstep.hf.space/_app/immutable/chunks/CeDdAN4a.js:3878
[  441699ms] [WARNING] Failed to execute 'postMessage' on 'DOMWindow': The target origin provided ('https://huggingface.co') does not match the recipient window's origin ('https://adyen-dabstep.hf.space'). @ https://adyen-dabstep.hf.space/_app/immutable/chunks/CeDdAN4a.js:21837
[  441861ms] [ERROR] Failed to load resource: the server responded with a status of 404 () @ https://huggingface.co/api/users/adyen/avatar:0
[  603658ms] [WARNING] Failed to execute 'postMessage' on 'DOMWindow': The target origin provided ('https://huggingface.co') does not match the recipient window's origin ('https://adyen-dabstep.hf.space'). @ https://adyen-dabstep.hf.space/assets/Index-BjpxtyHN.js:545
[  603699ms] [ERROR] Failed to load resource: the server responded with a status of 404 () @ https://huggingface.co/api/users/adyen/avatar:0
[  606684ms] [ERROR] AbortError: signal is aborted without reason
    at close_stream (https://adyen-dabstep.hf.space/assets/index-CDZuCcOm.js:1575:23)
    at Client.close (https://adyen-dabstep.hf.space/assets/index-CDZuCcOm.js:2493:5)
    at https://adyen-dabstep.hf.space/assets/Index-BjpxtyHN.js:514:16 @ https://adyen-dabstep.hf.space/assets/index-CDZuCcOm.js:1674
[  606685ms] [ERROR] AbortError: signal is aborted without reason
    at close_stream (https://adyen-dabstep.hf.space/assets/index-CDZuCcOm.js:1575:23)
    at Client.close (https://adyen-dabstep.hf.space/assets/index-CDZuCcOm.js:2493:5)
    at https://adyen-dabstep.hf.space/assets/Index-BjpxtyHN.js:514:16 @ https://adyen-dabstep.hf.space/assets/index-CDZuCcOm.js:1560
[  606685ms] [ERROR] Unexpected error Connection errored out.  @ https://adyen-dabstep.hf.space/assets/index-CDZuCcOm.js:2114
[  606686ms] [ERROR] Unexpected error Connection errored out.  @ https://adyen-dabstep.hf.space/assets/index-CDZuCcOm.js:2114
